phila.ngubentombi@VV73P6JFVV Code_Projects % ls
react-project
phila.ngubentombi@VV73P6JFVV Code_Projects % cd react-project
phila.ngubentombi@VV73P6JFVV react-project % cd..        
zsh: command not found: cd..
phila.ngubentombi@VV73P6JFVV react-project % cd ..
phila.ngubentombi@VV73P6JFVV Code_Projects % /bin/bash -c "$(curl -fsSL https://raw.githubusercontent.com/Homebrew/install/HEAD/install.sh)"
==> Checking for `sudo` access (which may request your password)...
Password:
Password:
==> This script will install:
/opt/homebrew/bin/brew
/opt/homebrew/share/doc/homebrew
/opt/homebrew/share/man/man1/brew.1
/opt/homebrew/share/zsh/site-functions/_brew
/opt/homebrew/etc/bash_completion.d/brew
/opt/homebrew
==> The following new directories will be created:
/opt/homebrew/bin
/opt/homebrew/etc
/opt/homebrew/include
/opt/homebrew/lib
/opt/homebrew/sbin
/opt/homebrew/share
/opt/homebrew/var
/opt/homebrew/opt
/opt/homebrew/share/zsh
/opt/homebrew/share/zsh/site-functions
/opt/homebrew/var/homebrew
/opt/homebrew/var/homebrew/linked
/opt/homebrew/Cellar
/opt/homebrew/Caskroom
/opt/homebrew/Frameworks
==> The Xcode Command Line Tools will be installed.

Press RETURN/ENTER to continue or any other key to abort:
==> /usr/bin/sudo /usr/bin/install -d -o root -g wheel -m 0755 /opt/homebrew
Password:
==> /usr/bin/sudo /bin/mkdir -p /opt/homebrew/bin /opt/homebrew/etc /opt/homebrew/include /opt/homebrew/lib /opt/homebrew/sbin /opt/homebrew/share /opt/homebrew/var /opt/homebrew/opt /opt/homebrew/share/zsh /opt/homebrew/share/zsh/site-functions /opt/homebrew/var/homebrew /opt/homebrew/var/homebrew/linked /opt/homebrew/Cellar /opt/homebrew/Caskroom /opt/homebrew/Frameworks
Password:
==> /usr/bin/sudo /bin/chmod ug=rwx /opt/homebrew/bin /opt/homebrew/etc /opt/homebrew/include /opt/homebrew/lib /opt/homebrew/sbin /opt/homebrew/share /opt/homebrew/var /opt/homebrew/opt /opt/homebrew/share/zsh /opt/homebrew/share/zsh/site-functions /opt/homebrew/var/homebrew /opt/homebrew/var/homebrew/linked /opt/homebrew/Cellar /opt/homebrew/Caskroom /opt/homebrew/Frameworks
Password:
==> /usr/bin/sudo /bin/chmod go-w /opt/homebrew/share/zsh /opt/homebrew/share/zsh/site-functions
Password:
==> /usr/bin/sudo /usr/sbin/chown phila.ngubentombi /opt/homebrew/bin /opt/homebrew/etc /opt/homebrew/include /opt/homebrew/lib /opt/homebrew/sbin /opt/homebrew/share /opt/homebrew/var /opt/homebrew/opt /opt/homebrew/share/zsh /opt/homebrew/share/zsh/site-functions /opt/homebrew/var/homebrew /opt/homebrew/var/homebrew/linked /opt/homebrew/Cellar /opt/homebrew/Caskroom /opt/homebrew/Frameworks
Password:
==> /usr/bin/sudo /usr/bin/chgrp admin /opt/homebrew/bin /opt/homebrew/etc /opt/homebrew/include /opt/homebrew/lib /opt/homebrew/sbin /opt/homebrew/share /opt/homebrew/var /opt/homebrew/opt /opt/homebrew/share/zsh /opt/homebrew/share/zsh/site-functions /opt/homebrew/var/homebrew /opt/homebrew/var/homebrew/linked /opt/homebrew/Cellar /opt/homebrew/Caskroom /opt/homebrew/Frameworks
Password:
==> /usr/bin/sudo /usr/sbin/chown -R phila.ngubentombi:admin /opt/homebrew
Password:
==> /usr/bin/sudo /bin/mkdir -p /Users/phila.ngubentombi/Library/Caches/Homebrew
Password:
==> /usr/bin/sudo /bin/chmod g+rwx /Users/phila.ngubentombi/Library/Caches/Homebrew
Password:
==> /usr/bin/sudo /usr/sbin/chown -R phila.ngubentombi /Users/phila.ngubentombi/Library/Caches/Homebrew
Password:
==> Searching online for the Command Line Tools
==> /usr/bin/sudo /usr/bin/touch /tmp/.com.apple.dt.CommandLineTools.installondemand.in-progress
Password:
==> Installing Command Line Tools for Xcode-15.0
==> /usr/bin/sudo /usr/sbin/softwareupdate -i Command\ Line\ Tools\ for\ Xcode-15.0
Password:
Software Update Tool

Finding available software

Downloading Command Line Tools for Xcode        
^C
Cancelled download.
Failed during: /usr/bin/sudo /usr/sbin/softwareupdate -i Command\ Line\ Tools\ for\ Xcode-15.0
phila.ngubentombi@VV73P6JFVV Code_Projects % /bin/bash -c "$(curl -fsSL https://raw.githubusercontent.com/Homebrew/install/HEAD/install.sh)"
==> Checking for `sudo` access (which may request your password)...
Password:
Password:
Need sudo access on macOS (e.g. the user phila.ngubentombi needs to be an Administrator)!
phila.ngubentombi@VV73P6JFVV Code_Projects % sudo /bin/bash -c "$(curl -fsSL https://raw.githubusercontent.com/Homebrew/install/HEAD/install.sh)"
Password:
==> Checking for `sudo` access (which may request your password)...
Don't run this as root!
phila.ngubentombi@VV73P6JFVV Code_Projects % /bin/bash -c "$(curl -fsSL https://raw.githubusercontent.com/Homebrew/install/HEAD/install.sh)"
==> Checking for `sudo` access (which may request your password)...
Password:
Password:
==> This script will install:
/opt/homebrew/bin/brew
/opt/homebrew/share/doc/homebrew
/opt/homebrew/share/man/man1/brew.1
/opt/homebrew/share/zsh/site-functions/_brew
/opt/homebrew/etc/bash_completion.d/brew
/opt/homebrew
==> The Xcode Command Line Tools will be installed.

Press RETURN/ENTER to continue or any other key to abort:
==> /usr/bin/sudo /usr/sbin/chown -R phila.ngubentombi:admin /opt/homebrew
Password:
==> Searching online for the Command Line Tools
==> /usr/bin/sudo /usr/bin/touch /tmp/.com.apple.dt.CommandLineTools.installondemand.in-progress
Password:
==> Installing Command Line Tools for Xcode-15.0
==> /usr/bin/sudo /usr/sbin/softwareupdate -i Command\ Line\ Tools\ for\ Xcode-15.0
Password:
Software Update Tool

Finding available software

Downloading Command Line Tools for Xcode
Downloaded Command Line Tools for Xcode
Installing Command Line Tools for Xcode
Done with Command Line Tools for Xcode
Done.
==> /usr/bin/sudo /usr/bin/xcode-select --switch /Library/Developer/CommandLineTools
Password:
==> /usr/bin/sudo /bin/rm -f /tmp/.com.apple.dt.CommandLineTools.installondemand.in-progress
Password:
==> Downloading and installing Homebrew...
remote: Enumerating objects: 249688, done.
remote: Counting objects: 100% (1180/1180), done.
remote: Compressing objects: 100% (686/686), done.
remote: Total 249688 (delta 550), reused 1062 (delta 459), pack-reused 248508
Receiving objects: 100% (249688/249688), 73.89 MiB | 2.24 MiB/s, done.
Resolving deltas: 100% (182062/182062), done.
From https://github.com/Homebrew/brew
 * [new branch]          master     -> origin/master
 * [new tag]             0.1        -> 0.1
 * [new tag]             0.2        -> 0.2
 * [new tag]             0.3        -> 0.3
 * [new tag]             0.4        -> 0.4
 * [new tag]             0.5        -> 0.5
 * [new tag]             0.6        -> 0.6
 * [new tag]             0.7        -> 0.7
 * [new tag]             0.7.1      -> 0.7.1
 * [new tag]             0.8        -> 0.8
 * [new tag]             0.8.1      -> 0.8.1
 * [new tag]             0.9        -> 0.9
 * [new tag]             0.9.1      -> 0.9.1
 * [new tag]             0.9.2      -> 0.9.2
 * [new tag]             0.9.3      -> 0.9.3
 * [new tag]             0.9.4      -> 0.9.4
 * [new tag]             0.9.5      -> 0.9.5
 * [new tag]             0.9.8      -> 0.9.8
 * [new tag]             0.9.9      -> 0.9.9
 * [new tag]             1.0.0      -> 1.0.0
 * [new tag]             1.0.1      -> 1.0.1
 * [new tag]             1.0.2      -> 1.0.2
 * [new tag]             1.0.3      -> 1.0.3
 * [new tag]             1.0.4      -> 1.0.4
 * [new tag]             1.0.5      -> 1.0.5
 * [new tag]             1.0.6      -> 1.0.6
 * [new tag]             1.0.7      -> 1.0.7
 * [new tag]             1.0.8      -> 1.0.8
 * [new tag]             1.0.9      -> 1.0.9
 * [new tag]             1.1.0      -> 1.1.0
 * [new tag]             1.1.1      -> 1.1.1
 * [new tag]             1.1.10     -> 1.1.10
 * [new tag]             1.1.11     -> 1.1.11
 * [new tag]             1.1.12     -> 1.1.12
 * [new tag]             1.1.13     -> 1.1.13
 * [new tag]             1.1.2      -> 1.1.2
 * [new tag]             1.1.3      -> 1.1.3
 * [new tag]             1.1.4      -> 1.1.4
 * [new tag]             1.1.5      -> 1.1.5
 * [new tag]             1.1.6      -> 1.1.6
 * [new tag]             1.1.7      -> 1.1.7
 * [new tag]             1.1.8      -> 1.1.8
 * [new tag]             1.1.9      -> 1.1.9
 * [new tag]             1.2.0      -> 1.2.0
 * [new tag]             1.2.1      -> 1.2.1
 * [new tag]             1.2.2      -> 1.2.2
 * [new tag]             1.2.3      -> 1.2.3
 * [new tag]             1.2.4      -> 1.2.4
 * [new tag]             1.2.5      -> 1.2.5
 * [new tag]             1.2.6      -> 1.2.6
 * [new tag]             1.3.0      -> 1.3.0
 * [new tag]             1.3.1      -> 1.3.1
 * [new tag]             1.3.2      -> 1.3.2
 * [new tag]             1.3.3      -> 1.3.3
 * [new tag]             1.3.4      -> 1.3.4
 * [new tag]             1.3.5      -> 1.3.5
 * [new tag]             1.3.6      -> 1.3.6
 * [new tag]             1.3.7      -> 1.3.7
 * [new tag]             1.3.8      -> 1.3.8
 * [new tag]             1.3.9      -> 1.3.9
 * [new tag]             1.4.0      -> 1.4.0
 * [new tag]             1.4.1      -> 1.4.1
 * [new tag]             1.4.2      -> 1.4.2
 * [new tag]             1.4.3      -> 1.4.3
 * [new tag]             1.5.0      -> 1.5.0
 * [new tag]             1.5.1      -> 1.5.1
 * [new tag]             1.5.10     -> 1.5.10
 * [new tag]             1.5.11     -> 1.5.11
 * [new tag]             1.5.12     -> 1.5.12
 * [new tag]             1.5.13     -> 1.5.13
 * [new tag]             1.5.14     -> 1.5.14
 * [new tag]             1.5.2      -> 1.5.2
 * [new tag]             1.5.3      -> 1.5.3
 * [new tag]             1.5.4      -> 1.5.4
 * [new tag]             1.5.5      -> 1.5.5
 * [new tag]             1.5.6      -> 1.5.6
 * [new tag]             1.5.7      -> 1.5.7
 * [new tag]             1.5.8      -> 1.5.8
 * [new tag]             1.5.9      -> 1.5.9
 * [new tag]             1.6.0      -> 1.6.0
 * [new tag]             1.6.1      -> 1.6.1
 * [new tag]             1.6.10     -> 1.6.10
 * [new tag]             1.6.11     -> 1.6.11
 * [new tag]             1.6.12     -> 1.6.12
 * [new tag]             1.6.13     -> 1.6.13
 * [new tag]             1.6.14     -> 1.6.14
 * [new tag]             1.6.15     -> 1.6.15
 * [new tag]             1.6.16     -> 1.6.16
 * [new tag]             1.6.17     -> 1.6.17
 * [new tag]             1.6.2      -> 1.6.2
 * [new tag]             1.6.3      -> 1.6.3
 * [new tag]             1.6.4      -> 1.6.4
 * [new tag]             1.6.5      -> 1.6.5
 * [new tag]             1.6.6      -> 1.6.6
 * [new tag]             1.6.7      -> 1.6.7
 * [new tag]             1.6.8      -> 1.6.8
 * [new tag]             1.6.9      -> 1.6.9
 * [new tag]             1.7.0      -> 1.7.0
 * [new tag]             1.7.1      -> 1.7.1
 * [new tag]             1.7.2      -> 1.7.2
 * [new tag]             1.7.3      -> 1.7.3
 * [new tag]             1.7.4      -> 1.7.4
 * [new tag]             1.7.5      -> 1.7.5
 * [new tag]             1.7.6      -> 1.7.6
 * [new tag]             1.7.7      -> 1.7.7
 * [new tag]             1.8.0      -> 1.8.0
 * [new tag]             1.8.1      -> 1.8.1
 * [new tag]             1.8.2      -> 1.8.2
 * [new tag]             1.8.3      -> 1.8.3
 * [new tag]             1.8.4      -> 1.8.4
 * [new tag]             1.8.5      -> 1.8.5
 * [new tag]             1.8.6      -> 1.8.6
 * [new tag]             1.9.0      -> 1.9.0
 * [new tag]             1.9.1      -> 1.9.1
 * [new tag]             1.9.2      -> 1.9.2
 * [new tag]             1.9.3      -> 1.9.3
 * [new tag]             2.0.0      -> 2.0.0
 * [new tag]             2.0.1      -> 2.0.1
 * [new tag]             2.0.2      -> 2.0.2
 * [new tag]             2.0.3      -> 2.0.3
 * [new tag]             2.0.4      -> 2.0.4
 * [new tag]             2.0.5      -> 2.0.5
 * [new tag]             2.0.6      -> 2.0.6
 * [new tag]             2.1.0      -> 2.1.0
 * [new tag]             2.1.1      -> 2.1.1
 * [new tag]             2.1.10     -> 2.1.10
 * [new tag]             2.1.11     -> 2.1.11
 * [new tag]             2.1.12     -> 2.1.12
 * [new tag]             2.1.13     -> 2.1.13
 * [new tag]             2.1.14     -> 2.1.14
 * [new tag]             2.1.15     -> 2.1.15
 * [new tag]             2.1.16     -> 2.1.16
 * [new tag]             2.1.2      -> 2.1.2
 * [new tag]             2.1.3      -> 2.1.3
 * [new tag]             2.1.4      -> 2.1.4
 * [new tag]             2.1.5      -> 2.1.5
 * [new tag]             2.1.6      -> 2.1.6
 * [new tag]             2.1.7      -> 2.1.7
 * [new tag]             2.1.8      -> 2.1.8
 * [new tag]             2.1.9      -> 2.1.9
 * [new tag]             2.2.0      -> 2.2.0
 * [new tag]             2.2.1      -> 2.2.1
 * [new tag]             2.2.10     -> 2.2.10
 * [new tag]             2.2.11     -> 2.2.11
 * [new tag]             2.2.12     -> 2.2.12
 * [new tag]             2.2.13     -> 2.2.13
 * [new tag]             2.2.14     -> 2.2.14
 * [new tag]             2.2.15     -> 2.2.15
 * [new tag]             2.2.16     -> 2.2.16
 * [new tag]             2.2.17     -> 2.2.17
 * [new tag]             2.2.2      -> 2.2.2
 * [new tag]             2.2.3      -> 2.2.3
 * [new tag]             2.2.4      -> 2.2.4
 * [new tag]             2.2.5      -> 2.2.5
 * [new tag]             2.2.6      -> 2.2.6
 * [new tag]             2.2.7      -> 2.2.7
 * [new tag]             2.2.8      -> 2.2.8
 * [new tag]             2.2.9      -> 2.2.9
 * [new tag]             2.3.0      -> 2.3.0
 * [new tag]             2.4.0      -> 2.4.0
 * [new tag]             2.4.1      -> 2.4.1
 * [new tag]             2.4.10     -> 2.4.10
 * [new tag]             2.4.11     -> 2.4.11
 * [new tag]             2.4.12     -> 2.4.12
 * [new tag]             2.4.13     -> 2.4.13
 * [new tag]             2.4.14     -> 2.4.14
 * [new tag]             2.4.15     -> 2.4.15
 * [new tag]             2.4.16     -> 2.4.16
 * [new tag]             2.4.2      -> 2.4.2
 * [new tag]             2.4.3      -> 2.4.3
 * [new tag]             2.4.4      -> 2.4.4
 * [new tag]             2.4.5      -> 2.4.5
 * [new tag]             2.4.6      -> 2.4.6
 * [new tag]             2.4.7      -> 2.4.7
 * [new tag]             2.4.8      -> 2.4.8
 * [new tag]             2.4.9      -> 2.4.9
 * [new tag]             2.5.0      -> 2.5.0
 * [new tag]             2.5.1      -> 2.5.1
 * [new tag]             2.5.10     -> 2.5.10
 * [new tag]             2.5.11     -> 2.5.11
 * [new tag]             2.5.12     -> 2.5.12
 * [new tag]             2.5.2      -> 2.5.2
 * [new tag]             2.5.3      -> 2.5.3
 * [new tag]             2.5.4      -> 2.5.4
 * [new tag]             2.5.5      -> 2.5.5
 * [new tag]             2.5.6      -> 2.5.6
 * [new tag]             2.5.7      -> 2.5.7
 * [new tag]             2.5.8      -> 2.5.8
 * [new tag]             2.5.9      -> 2.5.9
 * [new tag]             2.6.0      -> 2.6.0
 * [new tag]             2.6.1      -> 2.6.1
 * [new tag]             2.6.2      -> 2.6.2
 * [new tag]             2.7.0      -> 2.7.0
 * [new tag]             2.7.1      -> 2.7.1
 * [new tag]             2.7.2      -> 2.7.2
 * [new tag]             2.7.3      -> 2.7.3
 * [new tag]             2.7.4      -> 2.7.4
 * [new tag]             2.7.5      -> 2.7.5
 * [new tag]             2.7.6      -> 2.7.6
 * [new tag]             2.7.7      -> 2.7.7
 * [new tag]             3.0.0      -> 3.0.0
 * [new tag]             3.0.1      -> 3.0.1
 * [new tag]             3.0.10     -> 3.0.10
 * [new tag]             3.0.11     -> 3.0.11
 * [new tag]             3.0.2      -> 3.0.2
 * [new tag]             3.0.3      -> 3.0.3
 * [new tag]             3.0.4      -> 3.0.4
 * [new tag]             3.0.5      -> 3.0.5
 * [new tag]             3.0.6      -> 3.0.6
 * [new tag]             3.0.7      -> 3.0.7
 * [new tag]             3.0.8      -> 3.0.8
 * [new tag]             3.0.9      -> 3.0.9
 * [new tag]             3.1.0      -> 3.1.0
 * [new tag]             3.1.1      -> 3.1.1
 * [new tag]             3.1.10     -> 3.1.10
 * [new tag]             3.1.11     -> 3.1.11
 * [new tag]             3.1.12     -> 3.1.12
 * [new tag]             3.1.2      -> 3.1.2
 * [new tag]             3.1.3      -> 3.1.3
 * [new tag]             3.1.4      -> 3.1.4
 * [new tag]             3.1.5      -> 3.1.5
 * [new tag]             3.1.6      -> 3.1.6
 * [new tag]             3.1.7      -> 3.1.7
 * [new tag]             3.1.8      -> 3.1.8
 * [new tag]             3.1.9      -> 3.1.9
 * [new tag]             3.2.0      -> 3.2.0
 * [new tag]             3.2.1      -> 3.2.1
 * [new tag]             3.2.10     -> 3.2.10
 * [new tag]             3.2.11     -> 3.2.11
 * [new tag]             3.2.12     -> 3.2.12
 * [new tag]             3.2.13     -> 3.2.13
 * [new tag]             3.2.14     -> 3.2.14
 * [new tag]             3.2.15     -> 3.2.15
 * [new tag]             3.2.16     -> 3.2.16
 * [new tag]             3.2.17     -> 3.2.17
 * [new tag]             3.2.2      -> 3.2.2
 * [new tag]             3.2.3      -> 3.2.3
 * [new tag]             3.2.4      -> 3.2.4
 * [new tag]             3.2.5      -> 3.2.5
 * [new tag]             3.2.6      -> 3.2.6
 * [new tag]             3.2.7      -> 3.2.7
 * [new tag]             3.2.8      -> 3.2.8
 * [new tag]             3.2.9      -> 3.2.9
 * [new tag]             3.3.0      -> 3.3.0
 * [new tag]             3.3.1      -> 3.3.1
 * [new tag]             3.3.10     -> 3.3.10
 * [new tag]             3.3.11     -> 3.3.11
 * [new tag]             3.3.12     -> 3.3.12
 * [new tag]             3.3.13     -> 3.3.13
 * [new tag]             3.3.14     -> 3.3.14
 * [new tag]             3.3.15     -> 3.3.15
 * [new tag]             3.3.16     -> 3.3.16
 * [new tag]             3.3.2      -> 3.3.2
 * [new tag]             3.3.3      -> 3.3.3
 * [new tag]             3.3.4      -> 3.3.4
 * [new tag]             3.3.5      -> 3.3.5
 * [new tag]             3.3.6      -> 3.3.6
 * [new tag]             3.3.7      -> 3.3.7
 * [new tag]             3.3.8      -> 3.3.8
 * [new tag]             3.3.9      -> 3.3.9
 * [new tag]             3.4.0      -> 3.4.0
 * [new tag]             3.4.1      -> 3.4.1
 * [new tag]             3.4.10     -> 3.4.10
 * [new tag]             3.4.11     -> 3.4.11
 * [new tag]             3.4.2      -> 3.4.2
 * [new tag]             3.4.3      -> 3.4.3
 * [new tag]             3.4.4      -> 3.4.4
 * [new tag]             3.4.5      -> 3.4.5
 * [new tag]             3.4.6      -> 3.4.6
 * [new tag]             3.4.7      -> 3.4.7
 * [new tag]             3.4.8      -> 3.4.8
 * [new tag]             3.4.9      -> 3.4.9
 * [new tag]             3.5.0      -> 3.5.0
 * [new tag]             3.5.1      -> 3.5.1
 * [new tag]             3.5.10     -> 3.5.10
 * [new tag]             3.5.2      -> 3.5.2
 * [new tag]             3.5.3      -> 3.5.3
 * [new tag]             3.5.4      -> 3.5.4
 * [new tag]             3.5.5      -> 3.5.5
 * [new tag]             3.5.6      -> 3.5.6
 * [new tag]             3.5.7      -> 3.5.7
 * [new tag]             3.5.8      -> 3.5.8
 * [new tag]             3.5.9      -> 3.5.9
 * [new tag]             3.6.0      -> 3.6.0
 * [new tag]             3.6.1      -> 3.6.1
 * [new tag]             3.6.10     -> 3.6.10
 * [new tag]             3.6.11     -> 3.6.11
 * [new tag]             3.6.12     -> 3.6.12
 * [new tag]             3.6.13     -> 3.6.13
 * [new tag]             3.6.14     -> 3.6.14
 * [new tag]             3.6.15     -> 3.6.15
 * [new tag]             3.6.16     -> 3.6.16
 * [new tag]             3.6.17     -> 3.6.17
 * [new tag]             3.6.18     -> 3.6.18
 * [new tag]             3.6.19     -> 3.6.19
 * [new tag]             3.6.2      -> 3.6.2
 * [new tag]             3.6.20     -> 3.6.20
 * [new tag]             3.6.21     -> 3.6.21
 * [new tag]             3.6.3      -> 3.6.3
 * [new tag]             3.6.4      -> 3.6.4
 * [new tag]             3.6.5      -> 3.6.5
 * [new tag]             3.6.6      -> 3.6.6
 * [new tag]             3.6.7      -> 3.6.7
 * [new tag]             3.6.8      -> 3.6.8
 * [new tag]             3.6.9      -> 3.6.9
 * [new tag]             4.0.0      -> 4.0.0
 * [new tag]             4.0.1      -> 4.0.1
 * [new tag]             4.0.10     -> 4.0.10
 * [new tag]             4.0.11     -> 4.0.11
 * [new tag]             4.0.12     -> 4.0.12
 * [new tag]             4.0.13     -> 4.0.13
 * [new tag]             4.0.14     -> 4.0.14
 * [new tag]             4.0.15     -> 4.0.15
 * [new tag]             4.0.16     -> 4.0.16
 * [new tag]             4.0.17     -> 4.0.17
 * [new tag]             4.0.18     -> 4.0.18
 * [new tag]             4.0.19     -> 4.0.19
 * [new tag]             4.0.2      -> 4.0.2
 * [new tag]             4.0.20     -> 4.0.20
 * [new tag]             4.0.21     -> 4.0.21
 * [new tag]             4.0.22     -> 4.0.22
 * [new tag]             4.0.23     -> 4.0.23
 * [new tag]             4.0.24     -> 4.0.24
 * [new tag]             4.0.25     -> 4.0.25
 * [new tag]             4.0.26     -> 4.0.26
 * [new tag]             4.0.27     -> 4.0.27
 * [new tag]             4.0.28     -> 4.0.28
 * [new tag]             4.0.3      -> 4.0.3
 * [new tag]             4.0.4      -> 4.0.4
 * [new tag]             4.0.5      -> 4.0.5
 * [new tag]             4.0.6      -> 4.0.6
 * [new tag]             4.0.7      -> 4.0.7
 * [new tag]             4.0.8      -> 4.0.8
 * [new tag]             4.0.9      -> 4.0.9
 * [new tag]             4.1.0      -> 4.1.0
 * [new tag]             4.1.1      -> 4.1.1
 * [new tag]             4.1.10     -> 4.1.10
 * [new tag]             4.1.11     -> 4.1.11
 * [new tag]             4.1.12     -> 4.1.12
 * [new tag]             4.1.13     -> 4.1.13
 * [new tag]             4.1.14     -> 4.1.14
 * [new tag]             4.1.15     -> 4.1.15
 * [new tag]             4.1.16     -> 4.1.16
 * [new tag]             4.1.17     -> 4.1.17
 * [new tag]             4.1.18     -> 4.1.18
 * [new tag]             4.1.19     -> 4.1.19
 * [new tag]             4.1.2      -> 4.1.2
 * [new tag]             4.1.20     -> 4.1.20
 * [new tag]             4.1.3      -> 4.1.3
 * [new tag]             4.1.4      -> 4.1.4
 * [new tag]             4.1.5      -> 4.1.5
 * [new tag]             4.1.6      -> 4.1.6
 * [new tag]             4.1.7      -> 4.1.7
 * [new tag]             4.1.8      -> 4.1.8
remote: Enumerating objects: 18, done.
remote: Counting objects: 100% (11/11), done.
remote: Total 18 (delta 11), reused 11 (delta 11), pack-reused 7
Unpacking objects: 100% (18/18), 3.38 KiB | 133.00 KiB/s, done.
From https://github.com/Homebrew/brew
 * [new tag]             4.0.29     -> 4.0.29
 * [new tag]             4.1.9      -> 4.1.9
Updating files: 100% (2294/2294), done.
HEAD is now at bd2c9791a Merge pull request #16233 from Bo98/formula_files_by_name-optimise
Warning: /opt/homebrew/bin is not in your PATH.
  Instructions on how to configure your shell for Homebrew
  can be found in the 'Next steps' section below.
==> Installation successful!

==> Homebrew has enabled anonymous aggregate formulae and cask analytics.
Read the analytics documentation (and how to opt-out) here:
  https://docs.brew.sh/Analytics
No analytics data has been sent yet (nor will any be during this install run).

==> Homebrew is run entirely by unpaid volunteers. Please consider donating:
  https://github.com/Homebrew/brew#donations

==> Next steps:
- Run these two commands in your terminal to add Homebrew to your PATH:
    (echo; echo 'eval "$(/opt/homebrew/bin/brew shellenv)"') >> /Users/phila.ngubentombi/.zprofile
    eval "$(/opt/homebrew/bin/brew shellenv)"
- Run brew help to get started
- Further documentation:
    https://docs.brew.sh

phila.ngubentombi@VV73P6JFVV Code_Projects % (echo; echo 'eval "$(/opt/homebrew/bin/brew shellenv)"') >> /Users/phila.ngubentombi/.zprofile
phila.ngubentombi@VV73P6JFVV Code_Projects % eval "$(/opt/homebrew/bin/brew shellenv)"
phila.ngubentombi@VV73P6JFVV Code_Projects % brew help
Example usage:
  brew search TEXT|/REGEX/
  brew info [FORMULA|CASK...]
  brew install FORMULA|CASK...
  brew update
  brew upgrade [FORMULA|CASK...]
  brew uninstall FORMULA|CASK...
  brew list [FORMULA|CASK...]

Troubleshooting:
  brew config
  brew doctor
  brew install --verbose --debug FORMULA|CASK

Contributing:
  brew create URL [--no-fetch]
  brew edit [FORMULA|CASK...]

Further help:
  brew commands
  brew help [COMMAND]
  man brew
  https://docs.brew.sh
phila.ngubentombi@VV73P6JFVV Code_Projects % 
phila.ngubentombi@VV73P6JFVV Code_Projects % (echo; echo 'eval "$(/opt/homebrew/bin/brew shellenv)"') >> /Users/phila.ngubentombi/.zprofile
phila.ngubentombi@VV73P6JFVV Code_Projects % eval "$(/opt/homebrew/bin/brew shellenv)"
phila.ngubentombi@VV73P6JFVV Code_Projects % brew help
Example usage:
  brew search TEXT|/REGEX/
  brew info [FORMULA|CASK...]
  brew install FORMULA|CASK...
  brew update
  brew upgrade [FORMULA|CASK...]
  brew uninstall FORMULA|CASK...
  brew list [FORMULA|CASK...]

Troubleshooting:
  brew config
  brew doctor
  brew install --verbose --debug FORMULA|CASK

Contributing:
  brew create URL [--no-fetch]
  brew edit [FORMULA|CASK...]

Further help:
  brew commands
  brew help [COMMAND]
  man brew
  https://docs.brew.sh
phila.ngubentombi@VV73P6JFVV Code_Projects % brew install node
==> Downloading https://formulae.brew.sh/api/formula.jws.json
#=#=#                                                                          
==> Downloading https://formulae.brew.sh/api/cask.jws.json
#=#=#                                                                          
==> Downloading https://ghcr.io/v2/homebrew/core/node/manifests/21.2.0
######################################################################### 100.0%
==> Fetching dependencies for node: brotli, c-ares, icu4c, libnghttp2, libuv, ca-certificates and openssl@3
==> Downloading https://ghcr.io/v2/homebrew/core/brotli/manifests/1.1.0-1
######################################################################### 100.0%
==> Fetching brotli
==> Downloading https://ghcr.io/v2/homebrew/core/brotli/blobs/sha256:2a95140d611
######################################################################### 100.0%
==> Downloading https://ghcr.io/v2/homebrew/core/c-ares/manifests/1.22.0
######################################################################### 100.0%
==> Fetching c-ares
==> Downloading https://ghcr.io/v2/homebrew/core/c-ares/blobs/sha256:88d6c76039f
######################################################################### 100.0%
==> Downloading https://ghcr.io/v2/homebrew/core/icu4c/manifests/73.2
######################################################################### 100.0%
==> Fetching icu4c
==> Downloading https://ghcr.io/v2/homebrew/core/icu4c/blobs/sha256:734c09d5285c
######################################################################### 100.0%
==> Downloading https://ghcr.io/v2/homebrew/core/libnghttp2/manifests/1.58.0
######################################################################### 100.0%
==> Fetching libnghttp2
==> Downloading https://ghcr.io/v2/homebrew/core/libnghttp2/blobs/sha256:0aea68b
######################################################################### 100.0%
==> Downloading https://ghcr.io/v2/homebrew/core/libuv/manifests/1.47.0
######################################################################### 100.0%
==> Fetching libuv
==> Downloading https://ghcr.io/v2/homebrew/core/libuv/blobs/sha256:8ec04556c7b8
######################################################################### 100.0%
==> Downloading https://ghcr.io/v2/homebrew/core/ca-certificates/manifests/2023-
######################################################################### 100.0%
==> Fetching ca-certificates
==> Downloading https://ghcr.io/v2/homebrew/core/ca-certificates/blobs/sha256:a3
######################################################################### 100.0%
==> Downloading https://ghcr.io/v2/homebrew/core/openssl/3/manifests/3.1.4
######################################################################### 100.0%
==> Fetching openssl@3
==> Downloading https://ghcr.io/v2/homebrew/core/openssl/3/blobs/sha256:9d4a5ce0
######################################################################### 100.0%
==> Fetching node
==> Downloading https://ghcr.io/v2/homebrew/core/node/blobs/sha256:169c259c897eb
######################################################################### 100.0%
==> Installing dependencies for node: brotli, c-ares, icu4c, libnghttp2, libuv, ca-certificates and openssl@3
==> Installing node dependency: brotli
==> Downloading https://ghcr.io/v2/homebrew/core/brotli/manifests/1.1.0-1
Already downloaded: /Users/phila.ngubentombi/Library/Caches/Homebrew/downloads/565098509cdfa90593ec9a41b41239f073843f88caed60ddaa3e6194ac4defda--brotli-1.1.0-1.bottle_manifest.json
==> Pouring brotli--1.1.0.arm64_sonoma.bottle.1.tar.gz
ðŸº  /opt/homebrew/Cellar/brotli/1.1.0: 24 files, 1013.4KB
==> Installing node dependency: c-ares
==> Downloading https://ghcr.io/v2/homebrew/core/c-ares/manifests/1.22.0
Already downloaded: /Users/phila.ngubentombi/Library/Caches/Homebrew/downloads/54ba1be2b5a0db2240d957d3211f2a6a93b442b60d984ece16c4864343afa2ae--c-ares-1.22.0.bottle_manifest.json
==> Pouring c-ares--1.22.0.arm64_sonoma.bottle.tar.gz
ðŸº  /opt/homebrew/Cellar/c-ares/1.22.0: 153 files, 763.6KB
==> Installing node dependency: icu4c
==> Downloading https://ghcr.io/v2/homebrew/core/icu4c/manifests/73.2
Already downloaded: /Users/phila.ngubentombi/Library/Caches/Homebrew/downloads/2e5082de52a2c85ae665e51f8d0de0651611397cb02f4b4e2bb37898ba52a629--icu4c-73.2.bottle_manifest.json
==> Pouring icu4c--73.2.arm64_sonoma.bottle.tar.gz
ðŸº  /opt/homebrew/Cellar/icu4c/73.2: 268 files, 80.2MB
==> Installing node dependency: libnghttp2
==> Downloading https://ghcr.io/v2/homebrew/core/libnghttp2/manifests/1.58.0
Already downloaded: /Users/phila.ngubentombi/Library/Caches/Homebrew/downloads/9b2081d73959d4308c84740344d5f8169bbb9125dd76d20a71556a11a0171253--libnghttp2-1.58.0.bottle_manifest.json
==> Pouring libnghttp2--1.58.0.arm64_sonoma.bottle.tar.gz
ðŸº  /opt/homebrew/Cellar/libnghttp2/1.58.0: 13 files, 739KB
==> Installing node dependency: libuv
==> Downloading https://ghcr.io/v2/homebrew/core/libuv/manifests/1.47.0
Already downloaded: /Users/phila.ngubentombi/Library/Caches/Homebrew/downloads/bfee09d0f61c35b1a86c5b7a0f6b2f9e0a8b18a81bbd065f6eea7054b543f3ea--libuv-1.47.0.bottle_manifest.json
==> Pouring libuv--1.47.0.arm64_sonoma.bottle.tar.gz
ðŸº  /opt/homebrew/Cellar/libuv/1.47.0: 19 files, 1.1MB
==> Installing node dependency: ca-certificates
==> Downloading https://ghcr.io/v2/homebrew/core/ca-certificates/manifests/2023-
Already downloaded: /Users/phila.ngubentombi/Library/Caches/Homebrew/downloads/a8cd32e30cae0b7335779e93a6554f294f09485802fc253a3a8be441337a6115--ca-certificates-2023-08-22.bottle_manifest.json
==> Pouring ca-certificates--2023-08-22.arm64_sonoma.bottle.tar.gz
==> Regenerating CA certificate bundle from keychain, this may take a while...
ðŸº  /opt/homebrew/Cellar/ca-certificates/2023-08-22: 3 files, 221.6KB
==> Installing node dependency: openssl@3
==> Downloading https://ghcr.io/v2/homebrew/core/openssl/3/manifests/3.1.4
Already downloaded: /Users/phila.ngubentombi/Library/Caches/Homebrew/downloads/528fccab152aa17857e73f54f268d413bf94e22188c0e4ff17a6c497d2783b88--openssl@3-3.1.4.bottle_manifest.json
==> Pouring openssl@3--3.1.4.arm64_sonoma.bottle.tar.gz
ðŸº  /opt/homebrew/Cellar/openssl@3/3.1.4: 6,496 files, 28.4MB
==> Installing node
==> Pouring node--21.2.0.arm64_sonoma.bottle.tar.gz
ðŸº  /opt/homebrew/Cellar/node/21.2.0: 2,205 files, 62.9MB
==> Running `brew cleanup node`...
Disable this behaviour by setting HOMEBREW_NO_INSTALL_CLEANUP.
Hide these hints with HOMEBREW_NO_ENV_HINTS (see `man brew`).
phila.ngubentombi@VV73P6JFVV Code_Projects % npm init
This utility will walk you through creating a package.json file.
It only covers the most common items, and tries to guess sensible defaults.

See `npm help init` for definitive documentation on these fields
and exactly what they do.

Use `npm install <pkg>` afterwards to install a package and
save it as a dependency in the package.json file.

Press ^C at any time to quit.
package name: (code_projects) 
version: (1.0.0) 
description: development
entry point: (index.js) 
test command: 
git repository: 
keywords: 
author: Phila Ngubentombi
license: (ISC) 
About to write to /Users/phila.ngubentombi/Code_Projects/package.json:

{
  "name": "code_projects",
  "version": "1.0.0",
  "description": "development",
  "main": "index.js",
  "scripts": {
    "test": "echo \"Error: no test specified\" && exit 1"
  },
  "author": "Phila Ngubentombi",
  "license": "ISC"
}


Is this OK? (yes) yes
npm notice 
npm notice New patch version of npm available! 10.2.3 -> 10.2.4
npm notice Changelog: https://github.com/npm/cli/releases/tag/v10.2.4
npm notice Run npm install -g npm@10.2.4 to update!
npm notice 
phila.ngubentombi@VV73P6JFVV Code_Projects % npm install -g

added 1 package in 252ms
phila.ngubentombi@VV73P6JFVV Code_Projects % cd react-project
phila.ngubentombi@VV73P6JFVV react-project % npm init         
This utility will walk you through creating a package.json file.
It only covers the most common items, and tries to guess sensible defaults.

See `npm help init` for definitive documentation on these fields
and exactly what they do.

Use `npm install <pkg>` afterwards to install a package and
save it as a dependency in the package.json file.

Press ^C at any time to quit.
package name: (react-project) 
version: (1.0.0) 
description: development
entry point: (index.js) 
test command: 
git repository: 
keywords: 
author: Phila Ngubentombi
license: (ISC) 
About to write to /Users/phila.ngubentombi/Code_Projects/react-project/package.json:

{
  "name": "react-project",
  "version": "1.0.0",
  "description": "development",
  "main": "index.js",
  "scripts": {
    "test": "echo \"Error: no test specified\" && exit 1"
  },
  "author": "Phila Ngubentombi",
  "license": "ISC"
}


Is this OK? (yes) 
phila.ngubentombi@VV73P6JFVV react-project % npm i react

added 3 packages, and audited 4 packages in 7s

found 0 vulnerabilities
phila.ngubentombi@VV73P6JFVV react-project % npm install express --save

added 62 packages, and audited 66 packages in 10s

11 packages are looking for funding
  run `npm fund` for details

found 0 vulnerabilities
phila.ngubentombi@VV73P6JFVV react-project % npm i popper.js
npm WARN deprecated popper.js@1.16.1: You can find the new Popper v2 at @popperjs/core, this package is dedicated to the legacy v1

added 1 package, and audited 67 packages in 2s

12 packages are looking for funding
  run `npm fund` for details

found 0 vulnerabilities
phila.ngubentombi@VV73P6JFVV react-project % npm i popper.js --save

up to date, audited 67 packages in 1s

12 packages are looking for funding
  run `npm fund` for details

found 0 vulnerabilities
phila.ngubentombi@VV73P6JFVV react-project % npm i jquery --save

added 1 package, and audited 68 packages in 2s

12 packages are looking for funding
  run `npm fund` for details

found 0 vulnerabilities
phila.ngubentombi@VV73P6JFVV react-project % npm install bootstrap

added 2 packages, and audited 70 packages in 7s

14 packages are looking for funding
  run `npm fund` for details

found 0 vulnerabilities
phila.ngubentombi@VV73P6JFVV react-project % npm install tailwind
npm WARN EBADENGINE Unsupported engine {
npm WARN EBADENGINE   package: 'amqplib@0.5.2',
npm WARN EBADENGINE   required: { node: '>=0.8 <=9' },
npm WARN EBADENGINE   current: { node: 'v21.2.0', npm: '10.2.3' }
npm WARN EBADENGINE }
npm WARN deprecated uuid@3.3.2: Please upgrade  to version 7 or higher.  Older versions may use Math.random() in certain circumstances, which is known to be problematic.  See https://v8.dev/blog/math-random for details.
npm WARN deprecated core-js@2.6.12: core-js@<3.23.3 is no longer maintained and not recommended for usage due to the number of issues. Because of the V8 engine whims, feature detection in old core-js versions could cause a slowdown up to 100x even if nothing is polyfilled. Some versions have web compatibility issues. Please, upgrade your dependencies to the actual version of core-js.

added 171 packages, and audited 241 packages in 25s

54 packages are looking for funding
  run `npm fund` for details

12 vulnerabilities (4 moderate, 7 high, 1 critical)

To address issues that do not require attention, run:
  npm audit fix

Some issues need review, and may require choosing
a different dependency.

Run `npm audit` for details.
phila.ngubentombi@VV73P6JFVV react-project % npm uninstall tailwind

removed 171 packages, and audited 70 packages in 5s

14 packages are looking for funding
  run `npm fund` for details

found 0 vulnerabilities
phila.ngubentombi@VV73P6JFVV react-project % brew install mongodb
==> Downloading https://formulae.brew.sh/api/formula.jws.json
######################################################################### 100.0%
==> Downloading https://formulae.brew.sh/api/cask.jws.json
######################################################################### 100.0%
Warning: No available formula with the name "mongodb". Did you mean mongosh or monetdb?
==> Searching for similarly named formulae and casks...
==> Formulae
mongodb-atlas-cli          mongosh                    monetdb

To install mongodb-atlas-cli, run:
  brew install mongodb-atlas-cli

==> Casks
gcollazo-mongodb                         mongodb-realm-studio
mongodb-compass                          mongodbpreferencepane
mongodb-compass-isolated-edition         mongotron
mongodb-compass-readonly                 nosqlbooster-for-mongodb

To install gcollazo-mongodb, run:
  brew install --cask gcollazo-mongodb
phila.ngubentombi@VV73P6JFVV react-project % ls                      
node_modules            package-lock.json       package.json
phila.ngubentombi@VV73P6JFVV react-project % touch index.html
phila.ngubentombi@VV73P6JFVV react-project % 